#disclaimer
  %s == "This whois service is provided by CentralNic Ltd and only contains information pertaining to Internet domain names we have registered for our customers. By using this service you are agreeing (1) not to use any information presented here for any purpose other than determining ownership of domain names, (2) not to store or reproduce this data in any way, (3) not to use any high-volume, automated, electronic processes to obtain data from this service. Abuse of this service is monitored and actions in contravention of these terms will result in being permanently blacklisted. All data is (c) CentralNic Ltd https://www.centralnic.com/"


#domain
  %s == "hotel.gb.net"

#domain_id
  %s == "CNIC-DO1423750"


#status
  %s == ["clientTransferProhibited", "serverTransferProhibited"]

#available?
  %s be_falsey

#registered?
  %s be_truthy


#created_on
  %s %CLASS{time}
  %s %TIME{2013-08-25 12:36:24 UTC}

#updated_on
  %s %CLASS{time}
  %s %TIME{2013-08-30 12:42:09 UTC}

#expires_on
  %s %CLASS{time}
  %s %TIME{2014-08-25 23:59:59 UTC}


#registrar
  %s %CLASS{registrar}
  %s.id           == "H1167922"
  %s.name         == nil
  %s.organization == "Gandi SAS"
  %s.url          == "http://www.gandi.net/"

#registrant_contacts
  %s %CLASS{array}
  %s.size eq(1)
  %s[0] %CLASS{contact}
  %s[0].type          == Whois::Record::Contact::TYPE_REGISTRANT
  %s[0].id            == "R1149-GANDI-PRYP"
  %s[0].name          == "Heinz Pierre Roeser"
  %s[0].organization  == "Roevertrieb"
  %s[0].address       == "Friedensstr. 77"
  %s[0].city          == "Grevenbroich"
  %s[0].zip           == "41517"
  %s[0].state         == nil
  %s[0].country       == nil
  %s[0].country_code  == "DE"
  %s[0].phone         == "+49.218145077"
  %s[0].fax           == nil
  %s[0].email         == "roevertrieb@aol.com"
  %s[0].created_on    == nil
  %s[0].updated_on    == nil

#admin_contacts
  %s %CLASS{array}
  %s.size eq(1)
  %s[0] %CLASS{contact}
  %s[0].type          == Whois::Record::Contact::TYPE_ADMINISTRATIVE
  %s[0].id            == "R1149-GANDI-PRYP"
  %s[0].name          == "Heinz Pierre Roeser"
  %s[0].organization  == "Roevertrieb"
  %s[0].address       == "Friedensstr. 77"
  %s[0].city          == "Grevenbroich"
  %s[0].zip           == "41517"
  %s[0].state         == nil
  %s[0].country       == nil
  %s[0].country_code  == "DE"
  %s[0].phone         == "+49.218145077"
  %s[0].fax           == nil
  %s[0].email         == "roevertrieb@aol.com"
  %s[0].created_on    == nil
  %s[0].updated_on    == nil

#technical_contacts
  %s %CLASS{array}
  %s.size eq(1)
  %s[0] %CLASS{contact}
  %s[0].type          == Whois::Record::Contact::TYPE_TECHNICAL
  %s[0].id            == "R1149-GANDI-PRYP"
  %s[0].name          == "Heinz Pierre Roeser"
  %s[0].organization  == "Roevertrieb"
  %s[0].address       == "Friedensstr. 77"
  %s[0].city          == "Grevenbroich"
  %s[0].zip           == "41517"
  %s[0].state         == nil
  %s[0].country       == nil
  %s[0].country_code  == "DE"
  %s[0].phone         == "+49.218145077"
  %s[0].fax           == nil
  %s[0].email         == "roevertrieb@aol.com"
  %s[0].created_on    == nil
  %s[0].updated_on    == nil


#nameservers
  %s %CLASS{array}
  %s.size eq(3)
  %s[0] %CLASS{nameserver}
  %s[0].name == "b.dns.gandi.net"
  %s[0].ipv4 == nil
  %s[0].ipv6 == nil
  %s[1] %CLASS{nameserver}
  %s[1].name == "c.dns.gandi.net"
  %s[1].ipv4 == nil
  %s[1].ipv6 == nil
  %s[2] %CLASS{nameserver}
  %s[2].name == "a.dns.gandi.net"
  %s[2].ipv4 == nil
  %s[2].ipv6 == nil
