#nameservers
  should: %s CLASS(array)
  should: %s SIZE(4)
  should: %s[0] CLASS(nameserver)
  should: %s[0].name == "ns-1.foo.com"
  should: %s[1] CLASS(nameserver)
  should: %s[1].name == "ns-2.foo.org"
  should: %s[2] CLASS(nameserver)
  should: %s[2].name == "ns-3.foo.co.uk"
  should: %s[3] CLASS(nameserver)
  should: %s[3].name == "ns-4.foo.net"
