#disclaimer
  %s == nil


#domain
  %s == nil

#domain_id
  %s == nil


#status
  %s == []

#available?
  %s == true

#registered?
  %s == false


#created_on
  %s == nil

#updated_on
  %s == nil

#expires_on
  %s == nil


#registrar
  %s == nil

#registrant_contacts
  %s %CLASS{array}
  %s == []

#admin_contacts
  %s %CLASS{array}
  %s == []

#technical_contacts
  %s %CLASS{array}
  %s == []


#nameservers
  %s %CLASS{array}
  %s == []
