#status
  %s == :registered

#available?
  %s be_falsey

#registered?
  %s be_truthy


#created_on
  %s %CLASS{time}
  %s %TIME{2003-06-04 00:00:00 UTC}

#updated_on
  %s %ERROR{AttributeNotSupported}

#expires_on
  %s %ERROR{AttributeNotSupported}


#registrar
  %s %CLASS{registrar}
  %s.name         == "Markmonitor"
  %s.url          == "http://www.markmonitor.com/"

#registrant_contacts
  %s %CLASS{array}
  %s.size eq(1)
  %s[0] %CLASS{contact}
  %s[0].type          == Whois::Record::Contact::TYPE_REGISTRANT
  %s[0].name          == "Google Inc."
  %s[0].address       == "1600 Amphitheatre Parkway"
  %s[0].city          == "Mountain View"
  %s[0].zip           == "94043"
  %s[0].country_code  == "US"

#admin_contacts
  %s %CLASS{array}
  %s.size eq(1)
  %s[0] %CLASS{contact}
  %s[0].type          == Whois::Record::Contact::TYPE_ADMINISTRATIVE
  %s[0].name          == "DNS Admin"
  %s[0].address       == "Google Inc., 1600 Amphitheatre Parkway"
  %s[0].city          == "Mountain View"
  %s[0].zip           == "94043"
  %s[0].country_code  == "US"
  %s[0].email         == "dns-admin@google.com"

#technical_contacts
  %s %CLASS{array}
  %s.size eq(1)
  %s[0] %CLASS{contact}
  %s[0].type          == Whois::Record::Contact::TYPE_TECHNICAL
  %s[0].name          == "DNS Admin"
  %s[0].address       == "Google Inc., 1600 Amphitheatre Parkway"
  %s[0].city          == "Mountain View"
  %s[0].zip           == "94043"
  %s[0].country_code  == "US"
  %s[0].email         == "dns-admin@google.com"
  

#nameservers
  %s %CLASS{array}
  %s.size eq(4)
  %s[0] %CLASS{nameserver}
  %s[0].name == "ns1.google.com"
  %s[1] %CLASS{nameserver}
  %s[1].name == "ns2.google.com"
  %s[2] %CLASS{nameserver}
  %s[2].name == "ns3.google.com"
  %s[3] %CLASS{nameserver}
  %s[3].name == "ns4.google.com"
