#disclaimer
  %s %ERROR{AttributeNotSupported}


#domain
  %s == "google.bj"

#domain_id
  %s %ERROR{AttributeNotSupported}


#status
  %s == :registered

#available?
  %s be_falsey

#registered?
  %s be_truthy


#created_on
  %s %CLASS{time}
  %s %TIME{2009-03-25 01:57:22 PDT}

#updated_on
  %s %CLASS{time}
  %s %TIME{2012-08-10 01:57:22 PDT}

#expires_on
  %s %ERROR{AttributeNotSupported}


#registrar
  %s %ERROR{AttributeNotSupported}

#registrant_contacts
  %s %CLASS{array}
  %s.size eq(1)
  %s[0] %CLASS{contact}
  %s[0].type         == Whois::Record::Contact::TYPE_REGISTRANT
  %s[0].id           == nil
  %s[0].name         == "GOOGLE INC (ED0155)"
  %s[0].organization == nil
  %s[0].address      == nil
  %s[0].city         == nil
  %s[0].zip          == nil
  %s[0].state        == nil
  %s[0].country_code == nil
  %s[0].phone        == nil
  %s[0].fax          == nil
  %s[0].email        == nil

#admin_contacts
  %s %ERROR{AttributeNotSupported}

#technical_contacts
  %s %ERROR{AttributeNotSupported}


#nameservers
  %s %CLASS{array}
  %s.size eq(3)
  %s[0] %CLASS{nameserver}
  %s[0].name == "ns1.google.com"
  %s[1] %CLASS{nameserver}
  %s[1].name == "ns2.google.com"
  %s[2] %CLASS{nameserver}
  %s[2].name == "ns3.google.com"
