#status
  %s == :registered

#available?
  %s be_falsey

#registered?
  %s be_truthy


#created_on
  %s %CLASS{time}
  %s %TIME{2003-04-22}

#updated_on
  %s %CLASS{time}
  %s %TIME{2010-05-28}

#expires_on
  %s %ERROR{AttributeNotSupported}


#nameservers
  %s %CLASS{array}
  %s.size eq(2)
  %s[0] %CLASS{nameserver}
  %s[0].name == "ns1.google.com"
  %s[1] %CLASS{nameserver}
  %s[1].name == "ns2.google.com"
