#status
  %s == :registered

#available?
  %s be_falsey

#registered?
  %s be_truthy


#created_on
  %s %ERROR{AttributeNotSupported}

#updated_on
  %s %CLASS{time}
  %s %TIME{2012-12-16 13:41:04}

#expires_on
  %s %CLASS{time}
  %s %TIME{2013-12-18 00:00:00}


#nameservers
  %s %CLASS{array}
  %s.size eq(3)
  %s[0] %CLASS{nameserver}
  %s[0].name == "ns12.uadns.com"
  %s[1] %CLASS{nameserver}
  %s[1].name == "ns11.uadns.com"
  %s[2] %CLASS{nameserver}
  %s[2].name == "ns10.uadns.com"
