#nameservers
  %s %CLASS{array}
  %s.size eq(3)
  %s[0] %CLASS{nameserver}
  %s[0].name == "titan.radore.com"
  %s[0].ipv4 == nil
  %s[1] %CLASS{nameserver}
  %s[1].name == "janus.radore.com"
  %s[1].ipv4 == nil
  %s[2] %CLASS{nameserver}
  %s[2].name == "mimas.rh.com.tr"
  %s[2].ipv4 == "77.75.34.2"
