#nameservers
  %s %CLASS{array}
  %s.size eq(2)
  %s[0] %CLASS{nameserver}
  %s[0].name == "ns1.phpsunucu.com"
  %s[1] %CLASS{nameserver}
  %s[1].name == "ns2.phpsunucu.com"
