#status
  %s == :available

#available?
  %s be_truthy

#registered?
  %s be_falsey


#created_on
  %s == nil

#updated_on
  %s %ERROR{AttributeNotSupported}

#expires_on
  %s == nil


#nameservers
  %s %CLASS{array}
  %s == []
