#status
  %s == ["clientDeleteProhibited", "clientRenewProhibited", "clientTransferProhibited"]

#available?
  %s be_falsey

#registered?
  %s be_truthy
