#nameservers
  %s %CLASS{array}
  %s.size eq(2)
  %s[0] %CLASS{nameserver}
  %s[0].name == "avalon.ula.ve"
  %s[1] %CLASS{nameserver}
  %s[1].name == "azmodan.ula.ve"
