#nameservers
  %s %CLASS{array}
  %s.size eq(2)
  %s[0] %CLASS{nameserver}
  %s[0].name == "ns1.tntpost.nl"
  %s[0].ipv4 == "145.78.21.10"
  %s[1] %CLASS{nameserver}
  %s[1].name == "ns2.tntpost.nl"
  %s[1].ipv4 == "80.69.76.10"
