#status
  %s == :registered

#available?
  %s be_falsey

#registered?
  %s be_truthy


#created_on
  %s %ERROR{AttributeNotSupported}

#updated_on
  %s %ERROR{AttributeNotSupported}

#expires_on
  %s %CLASS{time}
  %s %TIME{2014-04-28}


#nameservers
  %s %CLASS{array}
  %s.size eq(2)
  %s[0] %CLASS{nameserver}
  %s[0].name == "ns1.google.com"
  %s[0].ipv4 == "216.239.32.10"
  %s[0].ipv6 == nil
  %s[1] %CLASS{nameserver}
  %s[1].name == "ns2.google.com"
  %s[1].ipv4 == "216.239.34.10"
  %s[1].ipv6 == nil
