#domain
  %s == "google.pr"

#domain_id
  %s %ERROR{AttributeNotSupported}


#status
  %s == :registered

#available?
  %s be_falsey

#registered?
  %s be_truthy


#created_on
  %s %CLASS{time}
  %s %TIME{2005-09-15}

#updated_on
  %s %ERROR{AttributeNotSupported}

#expires_on
  %s %CLASS{time}
  %s %TIME{2014-09-15}


#registrar
  %s %ERROR{AttributeNotSupported}

#registrant_contacts
  %s %ERROR{AttributeNotSupported}

#admin_contacts
  %s %ERROR{AttributeNotSupported}

#technical_contacts
  %s %ERROR{AttributeNotSupported}


#nameservers
  %s %CLASS{array}
  %s.size eq(4)
  %s[0] %CLASS{nameserver}
  %s[0].name == "ns1.google.com"
  %s[1] %CLASS{nameserver}
  %s[1].name == "ns2.google.com"
  %s[2] %CLASS{nameserver}
  %s[2].name == "ns3.google.com"
  %s[3] %CLASS{nameserver}
  %s[3].name == "ns4.google.com"
