#domain
  %s == "u34jedzcq.pr"

#domain_id
  %s %ERROR{AttributeNotSupported}


#status
  %s == :available

#available?
  %s be_truthy

#registered?
  %s be_falsey


#created_on
  %s == nil

#updated_on
  %s %ERROR{AttributeNotSupported}

#expires_on
  %s == nil


#registrar
  %s %ERROR{AttributeNotSupported}

#registrant_contacts
  %s %ERROR{AttributeNotSupported}

#admin_contacts
  %s %ERROR{AttributeNotSupported}

#technical_contacts
  %s %ERROR{AttributeNotSupported}


#nameservers
  %s %CLASS{array}
  %s == []
