#disclaimer
  %s %ERROR{AttributeNotSupported}


#domain
  %s == "u34jedzcq.tm"

#domain_id
  %s %ERROR{AttributeNotSupported}


#status
  %s == :available

#available?
  %s be_truthy

#registered?
  %s be_falsey


#created_on
  %s %ERROR{AttributeNotSupported}

#updated_on
  %s %ERROR{AttributeNotSupported}

#created_on
  %s %ERROR{AttributeNotSupported}


#registrar
  %s %ERROR{AttributeNotSupported}

#registrant_contacts
  %s %CLASS{array}
  %s == []

#admin_contacts
  %s %ERROR{AttributeNotSupported}

#technical_contacts
  %s %ERROR{AttributeNotSupported}


#nameservers
  %s %ERROR{AttributeNotSupported}
