#disclaimer
  %s == "This whois service is provided by CentralNic Ltd and only contains information pertaining to Internet domain names we have registered for our customers. By using this service you are agreeing (1) not to use any information presented here for any purpose other than determining ownership of domain names, (2) not to store or reproduce this data in any way, (3) not to use any high-volume, automated, electronic processes to obtain data from this service. Abuse of this service is monitored and actions in contravention of these terms will result in being permanently blacklisted. All data is (c) CentralNic Ltd https://www.centralnic.com/"


#domain
  %s == "autopoint.de.com"

#domain_id
  %s == "CNIC-DO578833"


#status
  %s == ["clientTransferProhibited", "serverTransferProhibited"]

#available?
  %s be_falsey

#registered?
  %s be_truthy


#created_on
  %s %CLASS{time}
  %s %TIME{2008-07-04 20:30:08 UTC}

#updated_on
  %s %CLASS{time}
  %s %TIME{2013-07-12 10:03:56 UTC}

#expires_on
  %s %CLASS{time}
  %s %TIME{2014-07-04 23:59:59 UTC}


#registrar
  %s %CLASS{registrar}
  %s.id           == "H67436"
  %s.name         == nil
  %s.organization == "united-domains AG"
  %s.url          == "http://www.united-domains.de"

#registrant_contacts
  %s %CLASS{array}
  %s.size eq(1)
  %s[0] %CLASS{contact}
  %s[0].type          == Whois::Record::Contact::TYPE_REGISTRANT
  %s[0].id            == "H1102323"
  %s[0].name          == "Stefan Von Gehlen"
  %s[0].organization  == nil
  %s[0].address       == "Muelgaustr. 292-294, Moenchengladbach"
  %s[0].city          == nil
  %s[0].zip           == "41238"
  %s[0].state         == nil
  %s[0].country       == nil
  %s[0].country_code  == "DE"
  %s[0].phone         == "+49.2166120626"
  %s[0].fax           == nil
  %s[0].email         == "s.vongehlen@arcor.de"

#admin_contacts
  %s %CLASS{array}
  %s.size eq(1)
  %s[0] %CLASS{contact}
  %s[0].type          == Whois::Record::Contact::TYPE_ADMINISTRATIVE
  %s[0].id            == "H402505"
  %s[0].name          == "Stefan Von Gehlen"
  %s[0].organization  == nil
  %s[0].address       == "Muelgaustr. 292-294, Moenchengladbach"
  %s[0].city          == nil
  %s[0].zip           == "41238"
  %s[0].state         == nil
  %s[0].country       == nil
  %s[0].country_code  == "DE"
  %s[0].phone         == "+49.2166120626"
  %s[0].fax           == nil
  %s[0].email         == "s.vongehlen@arcor.de"

#technical_contacts
  %s %CLASS{array}
  %s.size eq(1)
  %s[0] %CLASS{contact}
  %s[0].type          == Whois::Record::Contact::TYPE_TECHNICAL
  %s[0].id            == "C-UHM65D7-TJGULR"
  %s[0].name          == "Host Master"
  %s[0].organization  == "united-domains AG"
  %s[0].address       == "Gautinger Str. 10"
  %s[0].city          == "Starnberg"
  %s[0].zip           == "82319"
  %s[0].state         == "Bayern"
  %s[0].country       == nil
  %s[0].country_code  == "DE"
  %s[0].phone         == "+49.8151368670"
  %s[0].fax           == "+49.81513686777"
  %s[0].email         == "hostmaster@united-domains.de"


#nameservers
  %s %CLASS{array}
  %s.size eq(2)
  %s[0] %CLASS{nameserver}
  %s[0].name == "ns.udagdns.net"
  %s[0].ipv4 == nil
  %s[0].ipv6 == nil
  %s[1] %CLASS{nameserver}
  %s[1].name == "ns.udagdns.de"
  %s[1].ipv4 == nil
  %s[1].ipv6 == nil
