#disclaimer
  %s == "DotAsia WHOIS LEGAL STATEMENT AND TERMS & CONDITIONS: The WHOIS service offered by DotAsia and the access to the records in the DotAsia WHOIS database are provided for information purposes only. It allows persons to check whether a specific domain name is still available or not and to obtain information related to the registration records of existing domain names. DotAsia cannot, under any circumstances, be held liable in case the stored information would prove to be wrong, incomplete, or not accurate in any sense.  By submitting a query you agree not to use the information made available to: allow, enable or otherwise support the transmission of unsolicited, commercial advertising or other solicitations whether via email or otherwise; target advertising in any possible way; or to cause nuisance in any possible way to the registrants by sending (whether by automated, electronic processes capable of enabling high volumes or other possible means) messages to them.  Without prejudice to the above, it is explicitly forbidden to extract, copy and/or use or re-utilise in any form and by any means (electronically or not) the whole or a quantitatively or qualitatively substantial part of the contents of the WHOIS database without prior and explicit permission by DotAsia, nor in any attempt hereof, or to apply automated, electronic processes to DotAsia (or its systems). You agree that any reproduction and/or transmission of data for commercial purposes will always be considered as the extraction of a substantial part of the content of the WHOIS database. By submitting the query you agree to abide by this policy and accept that DotAsia can take measures to limit the use of its WHOIS services in order to protect the privacy of its registrants or the integrity of the database."


#domain
  %s == "cj7.asia"

#domain_id
  %s == "D93126-ASIA"


#status
  %s == ["OK"]

#available?
  %s be_falsey

#registered?
  %s be_truthy


#created_on
  %s %CLASS{time}
  %s %TIME{2008-01-15 11:28:02 UTC}

#updated_on
  %s %CLASS{time}
  %s %TIME{2014-01-15 22:20:16 UTC}

#expires_on
  %s %CLASS{time}
  %s %TIME{2015-01-15 11:28:02 UTC}


#registrar
  %s %CLASS{registrar}
  %s.id           == "800046"
  %s.name         == "dotASIA R4-ASIA"
  %s.organization == nil
  %s.url          == nil

#registrant_contacts
  %s %CLASS{array}
  %s.size eq(1)
  %s[0] %CLASS{contact}
  %s[0].type         == Whois::Record::Contact::TYPE_REGISTRANT
  %s[0].id           == "FR-132aa75b4bf65"
  %s[0].name         == "RAXCO ASSETS CORP."
  %s[0].organization == "RAXCO ASSETS CORP."
  %s[0].address      == "RM 1201-1204 12/F\nSEA BIRD HSE\n22-28 WYNDHAM ST CENTRAL HK"
  %s[0].city         == "Hong Kong"
  %s[0].zip          == ""
  %s[0].state        == ""
  %s[0].country_code == "HK"
  %s[0].phone        == "+852.21190333"
  %s[0].fax          == "+852.23045326"
  %s[0].email        == "eddie.yeung@bingogroup.com.hk"

#admin_contacts
  %s %CLASS{array}
  %s.size eq(1)
  %s[0] %CLASS{contact}
  %s[0].type         == Whois::Record::Contact::TYPE_ADMINISTRATIVE
  %s[0].id           == "FR-132aa7afe0967"
  %s[0].name         == "Eddie Yeung"
  %s[0].organization == "RAXCO ASSETS CORP."
  %s[0].address      == "RM 1201-1204 12/F\nSEA BIRD HSE\n22-28 WYNDHAM ST CENTRAL HK"
  %s[0].city         == "Hong Kong"
  %s[0].zip          == ""
  %s[0].state        == ""
  %s[0].country_code == "HK"
  %s[0].phone        == "+852.21190333"
  %s[0].fax          == ""
  %s[0].email        == "eddie.yeung@bingogroup.com.hk"

#technical_contacts
  %s %CLASS{array}
  %s.size eq(1)
  %s[0] %CLASS{contact}
  %s[0].type         == Whois::Record::Contact::TYPE_TECHNICAL
  %s[0].id           == "FR-132aa7afe0967"
  %s[0].name         == "Eddie Yeung"
  %s[0].organization == "RAXCO ASSETS CORP."
  %s[0].address      == "RM 1201-1204 12/F\nSEA BIRD HSE\n22-28 WYNDHAM ST CENTRAL HK"
  %s[0].city         == "Hong Kong"
  %s[0].zip          == ""
  %s[0].state        == ""
  %s[0].country_code == "HK"
  %s[0].phone        == "+852.21190333"
  %s[0].fax          == ""
  %s[0].email        == "eddie.yeung@bingogroup.com.hk"


#nameservers
  %s %CLASS{array}
  %s.size eq(6)
  %s[0] %CLASS{nameserver}
  %s[0].name == "ns1.dnspod.net"
  %s[1] %CLASS{nameserver}
  %s[1].name == "ns2.dnspod.net"
  %s[2] %CLASS{nameserver}
  %s[2].name == "ns3.dnspod.net"
  %s[3] %CLASS{nameserver}
  %s[3].name == "ns4.dnspod.net"
  %s[4] %CLASS{nameserver}
  %s[4].name == "ns5.dnspod.net"
  %s[5] %CLASS{nameserver}
  %s[5].name == "ns6.dnspod.net"


#reserved?
  %s be_falsey
